ma\uiass\eia\persistency\entities\SmartBuilding.class
ma\uiass\eia\service\VilleServiceInterface.class
ma\uiass\eia\persistency\entities\SalleReunion.class
ma\uiass\eia\service\WorkSpaceService.class
ma\uiass\eia\persistency\dao\EtageDaoImp.class
ma\uiass\eia\persistency\entities\Etage.class
ma\uiass\eia\persistency\dao\IDAO.class
ma\uiass\eia\service\EtageService.class
ma\uiass\eia\persistency\entities\EspaceIndividuel.class
ma\uiass\eia\service\SmartBuildingService.class
ma\uiass\eia\persistency\main\InitializeDB.class
ma\uiass\eia\service\VilleService.class
ma\uiass\eia\service\SmartBuildingServiceInterface.class
ma\uiass\eia\persistency\entities\BureauFerme.class
ma\uiass\eia\persistency\entities\Ville.class
ma\uiass\eia\service\WorkSpaceServiceInterface.class
ma\uiass\eia\service\EtageServiceInterface.class
ma\uiass\eia\persistency\dao\WorkSpaceDaoImp.class
ma\uiass\eia\persistency\dao\SmartBuildingDaoImp.class
ma\uiass\eia\controler\RestServer.class
ma\uiass\eia\persistency\dao\VilleDaoImp.class
ma\uiass\eia\persistency\entities\WorkSpace.class
