C:\Users\pc\OneDrive\Bureau\smart-city_V1\src\main\java\ma\uiass\eia\persistency\entities\WorkSpace.java
C:\Users\pc\OneDrive\Bureau\smart-city_V1\src\main\java\ma\uiass\eia\persistency\dao\EtageDaoImp.java
C:\Users\pc\OneDrive\Bureau\smart-city_V1\src\main\java\ma\uiass\eia\service\VilleServiceInterface.java
C:\Users\pc\OneDrive\Bureau\smart-city_V1\src\main\java\ma\uiass\eia\service\EtageServiceInterface.java
C:\Users\pc\OneDrive\Bureau\smart-city_V1\src\main\java\ma\uiass\eia\persistency\entities\Ville.java
C:\Users\pc\OneDrive\Bureau\smart-city_V1\src\main\java\ma\uiass\eia\persistency\main\InitializeDB.java
C:\Users\pc\OneDrive\Bureau\smart-city_V1\src\main\java\ma\uiass\eia\service\SmartBuildingServiceInterface.java
C:\Users\pc\OneDrive\Bureau\smart-city_V1\src\main\java\ma\uiass\eia\persistency\dao\WorkSpaceDaoImp.java
C:\Users\pc\OneDrive\Bureau\smart-city_V1\src\main\java\ma\uiass\eia\service\SmartBuildingService.java
C:\Users\pc\OneDrive\Bureau\smart-city_V1\src\main\java\ma\uiass\eia\persistency\entities\Etage.java
C:\Users\pc\OneDrive\Bureau\smart-city_V1\src\main\java\ma\uiass\eia\service\WorkSpaceService.java
C:\Users\pc\OneDrive\Bureau\smart-city_V1\src\main\java\ma\uiass\eia\controler\RestServer.java
C:\Users\pc\OneDrive\Bureau\smart-city_V1\src\main\java\ma\uiass\eia\persistency\dao\SmartBuildingDaoImp.java
C:\Users\pc\OneDrive\Bureau\smart-city_V1\src\main\java\ma\uiass\eia\persistency\entities\BureauFerme.java
C:\Users\pc\OneDrive\Bureau\smart-city_V1\src\main\java\ma\uiass\eia\persistency\dao\VilleDaoImp.java
C:\Users\pc\OneDrive\Bureau\smart-city_V1\src\main\java\ma\uiass\eia\persistency\entities\SalleReunion.java
C:\Users\pc\OneDrive\Bureau\smart-city_V1\src\main\java\ma\uiass\eia\service\EtageService.java
C:\Users\pc\OneDrive\Bureau\smart-city_V1\src\main\java\ma\uiass\eia\persistency\dao\IDAO.java
C:\Users\pc\OneDrive\Bureau\smart-city_V1\src\main\java\ma\uiass\eia\persistency\entities\SmartBuilding.java
C:\Users\pc\OneDrive\Bureau\smart-city_V1\src\main\java\ma\uiass\eia\persistency\entities\EspaceIndividuel.java
C:\Users\pc\OneDrive\Bureau\smart-city_V1\src\main\java\ma\uiass\eia\service\VilleService.java
C:\Users\pc\OneDrive\Bureau\smart-city_V1\src\main\java\ma\uiass\eia\service\WorkSpaceServiceInterface.java
